[
 {"id":1,"main_category":"ALIMENT","label":"pommes","price":2.2,"time_stamp":"2024-05-23T11:31:00","features":"golden"},
 {"id":2,"main_category":"ALIMENT","label":"bananes","price":1.8,"time_stamp":"2024-05-23T11:31:00","features":"cameroun"},
 {"id":3,"main_category":"VETEMENT","label":"t-shirt","price":7.7,"time_stamp":"2024-05-23T11:31:00","features":"blanc xl"},
 {"id":4,"main_category":"VETEMENT","label":"pull","price":12.75,"time_stamp":"2024-05-23T11:31:00","features":"beige xl"}
]