<?xml version="1.0" encoding="UTF-8"?><products><product><id>1</id><main__category>ALIMENT</main__category><label>pommes</label><price>2.2</price><time__stamp>2024-05-23T11:31:00</time__stamp><features>golden</features></product><product><id>2</id><main__category>ALIMENT</main__category><label>bananes</label><price>1.8</price><time__stamp>2024-05-23T11:31:00</time__stamp><features>cameroun</features></product><product><id>3</id><main__category>VETEMENT</main__category><label>t-shirt</label><price>7.7</price><time__stamp>2024-05-23T11:31:00</time__stamp><features>blanc xl</features></product><product><id>4</id><main__category>VETEMENT</main__category><label>pull</label><price>12.75</price><time__stamp>2024-05-23T11:31:00</time__stamp><features>beige xl</features></product></products>